// 重构日志: 7e4095c4
// 重构日志: cbef9edd
// 同步 ID: 12f4040a @ Wed Jul 22 21:19:28 UTC 2026
// 重构日志: 104aa196
// 同步 ID: 57858ee0 @ Thu Jul 23 12:23:14 UTC 2026
// 同步 ID: 301a0bb5 @ Fri Jul 24 14:19:12 UTC 2026
// 重构日志: 7684145d
// 重构日志: 82a6d3ca
// 重构日志: 20a670ce
// 同步 ID: 2e24d238 @ Mon Jul 27 18:01:45 UTC 2026
// 重构日志: cb90a3cc
// 重构日志: 370154ab
// 重构日志: ea02e3a2
// 重构日志: c4025d02
// 同步 ID: bf279179 @ Wed Jul 29 12:43:03 UTC 2026
// 重构日志: b73bbe39
// 重构日志: 1f47a187
// 重构日志: 3159f9e3
// 重构日志: 225af775
// 重构日志: c2f42763
// 同步 ID: b28fdba6 @ Fri Jul 31 11:24:44 UTC 2026
// 重构日志: c717e768
// 重构日志: b79b1f8b
// 重构日志: b09b7865
// 同步 ID: 35e83846 @ Sun Aug  2 01:52:53 UTC 2026
// 重构日志: a8a42575
// 重构日志: 016d1fdd
// 重构日志: 94bae1c2
// 同步 ID: 54001c97 @ Mon Aug  3 04:58:54 UTC 2026
// 同步 ID: ac69a3b1 @ Mon Aug  3 09:26:28 UTC 2026
// 重构日志: ef46e667
// 重构日志: 9da5c0b8
// 重构日志: ea22b34d
// 重构日志: 9b0c27a8
